Reading .env from: C:\Users\zam_z\Documents\aunt-sarahs-bakery\.env
File content length: 56
Environment keys found: [ 'GEMINI_API_KEY' ]
Testing available models...

Testing gemini-1.5-flash (v1beta)...
❌ FAILED: gemini-1.5-flash (v1beta) - 404 - Model not found or not supported in this version

Testing gemini-1.5-flash (v1)...
❌ FAILED: gemini-1.5-flash (v1) - 404 - Model not found or not supported in this version

Testing gemini-1.5-flash-001 (v1beta)...
❌ FAILED: gemini-1.5-flash-001 (v1beta) - 404 - Model not found or not supported in this version

Testing gemini-1.5-flash-002 (v1beta)...
❌ FAILED: gemini-1.5-flash-002 (v1beta) - 404 - Model not found or not supported in this version

Testing gemini-1.5-pro (v1beta)...
❌ FAILED: gemini-1.5-pro (v1beta) - 404 - Model not found or not supported in this version

Testing gemini-pro (v1beta)...
❌ FAILED: gemini-pro (v1beta) - 404 - Model not found or not supported in this version
